[iloveskininc.us/blogs/news/i-customized-a-serum-for-my-skin-and-wow-it-s-life-changing.html]
[backblue.gif]
[fade.gif]
[index.html]
[iloveskininc.us/blogs/news/POST]
[iloveskininc.us/blogs/news/i-used-this-device-for-a-week-and-my-maskne-healed-so-much-faster.html]
[iloveskininc.us/blogs/news/i-customized-a-serum-for-my-skin-and-wow-it-s-life-changing.html]
[iloveskininc.us/blogs/news/POST.html]
[iloveskininc.us/blogs/news/breaking-up-with-blemishes.html]
[iloveskininc.us/blogs/news/i-used-this-device-for-a-week-and-my-maskne-healed-so-much-faster.html]
[iloveskininc.us/blogs/news/blue-light-radiation-and-how-it-affects-your-skin.html]
[iloveskininc.us/blogs/news/breaking-up-with-blemishes.html]
[iloveskininc.us/blogs/news/dare-to-bare-with-barbara-koh.html]
[iloveskininc.us/blogs/news/blue-light-radiation-and-how-it-affects-your-skin.html]
[iloveskininc.us/blogs/news/want-to-supercharge-your-skincare-regime.html]
[iloveskininc.us/blogs/news/dare-to-bare-with-barbara-koh.html]
[iloveskininc.us/blogs/news/how-to-get-rid-of-pesky-eye-bags-and-dark-circles.html]
[iloveskininc.us/blogs/news/want-to-supercharge-your-skincare-regime.html]
[iloveskininc.us/blogs/news/what-you-need-to-know-about-uv-radiation.html]
[iloveskininc.us/blogs/news/how-to-get-rid-of-pesky-eye-bags-and-dark-circles.html]
[iloveskininc.us/blogs/news/all-about-skin-hydration.html]
[iloveskininc.us/blogs/news/dealing-with-dark-spots.html]
[iloveskininc.us/blogs/news/www.iloveskininc.com]
[iloveskininc.us/blogs/news/what-you-need-to-know-about-uv-radiation.html]
[iloveskininc.us/blogs/news/all-about-skin-hydration.html]
[iloveskininc.us/blogs/news/dealing-with-dark-spots.html]
[iloveskininc.us/blogs/news/www.iloveskininc.html]
